// Jest Snapshot v1, https://goo.gl/fbAQLP

exports[`Document AI it should extract data from document.entities 1`] = `
[
  {
    "page": 0,
    "patientFirstname": "serge",
    "patientLastname": "siritzky",
  },
  {
    "examinationDate": "5/4/2024",
    "medicalExamination": "echographie cardiaque trans-thoracique",
    "page": 1,
    "patientBirthDate": "11/12/1955",
    "patientFirstname": "daniel",
    "patientLastname": "leroy sismondino",
  },
  {
    "examinationDate": "6/2/2024",
    "medicalExamination": "compte rendu",
    "page": 2,
    "patientBirthDate": "28/11/1952",
    "patientFirstname": "faouzi",
    "patientLastname": "elmai,",
  },
  {
    "examinationDate": "3/4/2024",
    "medicalExamination": "coronarographie et angiopíastie",
    "page": 3,
    "patientBirthDate": "11/12/1955",
    "patientFirstname": "daniel",
    "patientLastname": "leroy sismondino",
  },
  {
    "examinationDate": "17/2/2024",
    "medicalExamination": "compte-rendu d'hospitalisation prise en charge avc",
    "page": 4,
    "patientBirthDate": "28/11/1952",
    "patientFirstname": "faouzi",
    "patientLastname": "elmai",
  },
  {
    "examinationDate": "27/2/2024",
    "medicalExamination": "echotomographie thyroidienne et cervicale",
    "page": 5,
    "patientBirthDate": "27/2/1964",
    "patientFirstname": "laurence",
    "patientLastname": "guillet",
  },
  {
    "examinationDate": "27/2/2024",
    "medicalExamination": "echotomographie thyroidienne et cervicale",
    "page": 6,
    "patientBirthDate": "27/2/1964",
    "patientFirstname": "laurence",
    "patientLastname": "guillet",
  },
  {
    "page": 7,
    "patientBirthDate": "5/1/1952",
    "patientFirstname": "jean pierre",
    "patientLastname": "avoignat",
  },
  {
    "examinationDate": "27/2/2024",
    "medicalExamination": "echotomographie thyroidienne et cervicale",
    "page": 8,
    "patientBirthDate": "27/2/1964",
    "patientFirstname": "laurence",
    "patientLastname": "guillet",
  },
  {
    "examinationDate": "27/2/2024",
    "medicalExamination": "echotomographie thyroidienne et cervicale",
    "page": 9,
    "patientBirthDate": "27/2/1964",
    "patientFirstname": "laurence",
    "patientLastname": "guillet",
  },
]
`;
